
Discarded input sections

 .text          0x00000000        0x0 C:/Users/Benjamin/.ufbt/build/nfc_ble_tracker/nfc_ble_tracker.o
 .data          0x00000000        0x0 C:/Users/Benjamin/.ufbt/build/nfc_ble_tracker/nfc_ble_tracker.o
 .bss           0x00000000        0x0 C:/Users/Benjamin/.ufbt/build/nfc_ble_tracker/nfc_ble_tracker.o
 .comment       0x00000000       0x1c C:/Users/Benjamin/.ufbt/build/nfc_ble_tracker/nfc_ble_tracker.o

Memory Configuration

Name             Origin             Length             Attributes
*default*        0x00000000         0xffffffff

Linker script and memory map

LOAD C:/Users/Benjamin/.ufbt/build/nfc_ble_tracker/nfc_ble_tracker.o
LOAD c:/users/benjamin/.ufbt/toolchain/x86_64-windows/bin/../lib/gcc/arm-none-eabi/12.3.1/../../../../arm-none-eabi/lib/thumb/v7e-m+fp/hard\libm.a
LOAD c:/users/benjamin/.ufbt/toolchain/x86_64-windows/bin/../lib/gcc/arm-none-eabi/12.3.1/thumb/v7e-m+fp/hard\libgcc.a
LOAD c:/users/benjamin/.ufbt/toolchain/x86_64-windows/bin/../lib/gcc/arm-none-eabi/12.3.1/../../../../arm-none-eabi/lib/thumb/v7e-m+fp/hard\libstdc++_nano.a
LOAD c:/users/benjamin/.ufbt/toolchain/x86_64-windows/bin/../lib/gcc/arm-none-eabi/12.3.1/../../../../arm-none-eabi/lib/thumb/v7e-m+fp/hard\libsupc++_nano.a

.text           0x00000000      0x81c
 *(.text)
 *(.stub)
 *(.text*)
 .text.timeout_thread
                0x00000000       0x64 C:/Users/Benjamin/.ufbt/build/nfc_ble_tracker/nfc_ble_tracker.o
 .text.scan_thread
                0x00000064       0x9c C:/Users/Benjamin/.ufbt/build/nfc_ble_tracker/nfc_ble_tracker.o
 .text.input    0x00000100       0x90 C:/Users/Benjamin/.ufbt/build/nfc_ble_tracker/nfc_ble_tracker.o
 .text.nfc_callback
                0x00000190      0x1e8 C:/Users/Benjamin/.ufbt/build/nfc_ble_tracker/nfc_ble_tracker.o
 .text.render   0x00000378      0x2b4 C:/Users/Benjamin/.ufbt/build/nfc_ble_tracker/nfc_ble_tracker.o
 .text.nfc_ble_tracker_app
                0x0000062c      0x1f0 C:/Users/Benjamin/.ufbt/build/nfc_ble_tracker/nfc_ble_tracker.o
                0x0000062c                nfc_ble_tracker_app
 *(.text.*)
 *(.text._*)
 *(.init)
 *(.fini)

.rodata         0x0000081c      0x1a0
 *(.rodata)
 *(.rodata1)
 *(.rodata.*)
 .rodata.scan_thread.str1.1
                0x0000081c       0x3a C:/Users/Benjamin/.ufbt/build/nfc_ble_tracker/nfc_ble_tracker.o
 .rodata.nfc_callback.str1.1
                0x00000856       0x7a C:/Users/Benjamin/.ufbt/build/nfc_ble_tracker/nfc_ble_tracker.o
 .rodata.render.str1.1
                0x000008d0       0x9c C:/Users/Benjamin/.ufbt/build/nfc_ble_tracker/nfc_ble_tracker.o
 .rodata.nfc_ble_tracker_app.str1.1
                0x0000096c       0x2c C:/Users/Benjamin/.ufbt/build/nfc_ble_tracker/nfc_ble_tracker.o
 .rodata.str1.1
                0x00000998        0xc C:/Users/Benjamin/.ufbt/build/nfc_ble_tracker/nfc_ble_tracker.o
 .rodata.CSWTCH.17
                0x000009a4       0x18 C:/Users/Benjamin/.ufbt/build/nfc_ble_tracker/nfc_ble_tracker.o

.data
 *(.data)
 *(.data1)
 *(.data.*)

.bss
 *(.bss)
 *(.bss*)
 *(.sbss)
 *(.sbss*)
 *(COMMON)

.stab
 *(.stab)

.stabstr
 *(.stabstr)

.stab.excl
 *(.stab.excl)

.stab.exclstr
 *(.stab.exclstr)

.stab.index
 *(.stab.index)

.stab.indexstr
 *(.stab.indexstr)

.gnu.build.attributes
 *(.gnu.build.attributes .gnu.build.attributes.*)

.debug
 *(.debug)

.line
 *(.line)

.debug_srcinfo
 *(.debug_srcinfo)

.debug_sfnames
 *(.debug_sfnames)

.debug_aranges  0x00000000       0x48
 *(.debug_aranges)
 .debug_aranges
                0x00000000       0x48 C:/Users/Benjamin/.ufbt/build/nfc_ble_tracker/nfc_ble_tracker.o

.debug_pubnames
 *(.debug_pubnames)

.debug_info     0x00000000     0x1d0d
 *(.debug_info .gnu.linkonce.wi.*)
 .debug_info    0x00000000     0x1d0d C:/Users/Benjamin/.ufbt/build/nfc_ble_tracker/nfc_ble_tracker.o

.debug_abbrev   0x00000000      0x407
 *(.debug_abbrev)
 .debug_abbrev  0x00000000      0x407 C:/Users/Benjamin/.ufbt/build/nfc_ble_tracker/nfc_ble_tracker.o

.debug_line     0x00000000      0xc7b
 *(.debug_line .debug_line.* .debug_line_end)
 .debug_line    0x00000000      0x61e C:/Users/Benjamin/.ufbt/build/nfc_ble_tracker/nfc_ble_tracker.o
 .debug_line.text.timeout_thread
                0x0000061e       0x92 C:/Users/Benjamin/.ufbt/build/nfc_ble_tracker/nfc_ble_tracker.o
 .debug_line.text.scan_thread
                0x000006b0       0x7f C:/Users/Benjamin/.ufbt/build/nfc_ble_tracker/nfc_ble_tracker.o
 .debug_line.text.input
                0x0000072f       0xde C:/Users/Benjamin/.ufbt/build/nfc_ble_tracker/nfc_ble_tracker.o
 .debug_line.text.nfc_callback
                0x0000080d      0x181 C:/Users/Benjamin/.ufbt/build/nfc_ble_tracker/nfc_ble_tracker.o
 .debug_line.text.render
                0x0000098e      0x194 C:/Users/Benjamin/.ufbt/build/nfc_ble_tracker/nfc_ble_tracker.o
 .debug_line.text.nfc_ble_tracker_app
                0x00000b22      0x159 C:/Users/Benjamin/.ufbt/build/nfc_ble_tracker/nfc_ble_tracker.o
 .debug_line_end
                0x00000c7b        0x0 C:/Users/Benjamin/.ufbt/build/nfc_ble_tracker/nfc_ble_tracker.o

.debug_frame    0x00000000       0xdc
 *(.debug_frame)
 .debug_frame   0x00000000       0xdc C:/Users/Benjamin/.ufbt/build/nfc_ble_tracker/nfc_ble_tracker.o

.debug_str      0x00000000     0x129c
 *(.debug_str)
 .debug_str     0x00000000     0x129c C:/Users/Benjamin/.ufbt/build/nfc_ble_tracker/nfc_ble_tracker.o

.debug_loc
 *(.debug_loc)

.debug_macinfo
 *(.debug_macinfo)

.debug_weaknames
 *(.debug_weaknames)

.debug_funcnames
 *(.debug_funcnames)

.debug_typenames
 *(.debug_typenames)

.debug_varnames
 *(.debug_varnames)

.debug_pubtypes
 *(.debug_pubtypes)

.debug_ranges
 *(.debug_ranges)

.debug_addr
 *(.debug_addr)

.debug_line_str
 *(.debug_line_str)

.debug_loclists
                0x00000000      0x457
 *(.debug_loclists)
 .debug_loclists
                0x00000000      0x457 C:/Users/Benjamin/.ufbt/build/nfc_ble_tracker/nfc_ble_tracker.o

.debug_macro
 *(.debug_macro)

.debug_names
 *(.debug_names)

.debug_rnglists
                0x00000000       0xb4
 *(.debug_rnglists)
 .debug_rnglists
                0x00000000       0xb4 C:/Users/Benjamin/.ufbt/build/nfc_ble_tracker/nfc_ble_tracker.o

.debug_str_offsets
 *(.debug_str_offsets)

.debug_sup
 *(.debug_sup)

.ARM.attributes
                0x00000000       0x34
 *(.ARM.attributes)
 .ARM.attributes
                0x00000000       0x34 C:/Users/Benjamin/.ufbt/build/nfc_ble_tracker/nfc_ble_tracker.o
 *(.gnu.attributes)

.note.gnu.arm.ident
 *(.note.gnu.arm.ident)

/DISCARD/
 *(.note.GNU-stack)
 *(.gnu_debuglink)
 *(.gnu.lto_*)

/DISCARD/
 *(.comment)
 *(.comment.*)
 *(.llvmbc)
 *(.llvmcmd)
OUTPUT(C:/Users/Benjamin/.ufbt/build/nfc_ble_tracker_d.elf elf32-littlearm)
LOAD linker stubs
