
Discarded input sections

 .text          0x00000000        0x0 C:/Users/Benjamin/.ufbt/build/test_app/test_app.o
 .data          0x00000000        0x0 C:/Users/Benjamin/.ufbt/build/test_app/test_app.o
 .bss           0x00000000        0x0 C:/Users/Benjamin/.ufbt/build/test_app/test_app.o
 .comment       0x00000000       0x1c C:/Users/Benjamin/.ufbt/build/test_app/test_app.o
 .text          0x00000000        0x0 C:/Users/Benjamin/.ufbt/build/test_app/test_app_icons.o
 .data          0x00000000        0x0 C:/Users/Benjamin/.ufbt/build/test_app/test_app_icons.o
 .bss           0x00000000        0x0 C:/Users/Benjamin/.ufbt/build/test_app/test_app_icons.o
 .debug_info    0x00000000       0x6c C:/Users/Benjamin/.ufbt/build/test_app/test_app_icons.o
 .debug_abbrev  0x00000000       0x26 C:/Users/Benjamin/.ufbt/build/test_app/test_app_icons.o
 .debug_aranges
                0x00000000       0x18 C:/Users/Benjamin/.ufbt/build/test_app/test_app_icons.o
 .debug_line    0x00000000       0x58 C:/Users/Benjamin/.ufbt/build/test_app/test_app_icons.o
 .debug_str     0x00000000      0x1d8 C:/Users/Benjamin/.ufbt/build/test_app/test_app_icons.o
 .comment       0x00000000       0x1c C:/Users/Benjamin/.ufbt/build/test_app/test_app_icons.o
 .debug_line_end
                0x00000000        0x0 C:/Users/Benjamin/.ufbt/build/test_app/test_app_icons.o

Memory Configuration

Name             Origin             Length             Attributes
*default*        0x00000000         0xffffffff

Linker script and memory map

LOAD C:/Users/Benjamin/.ufbt/build/test_app/test_app.o
LOAD C:/Users/Benjamin/.ufbt/build/test_app/test_app_icons.o
LOAD c:/users/benjamin/.ufbt/toolchain/x86_64-windows/bin/../lib/gcc/arm-none-eabi/12.3.1/../../../../arm-none-eabi/lib/thumb/v7e-m+fp/hard\libm.a
LOAD c:/users/benjamin/.ufbt/toolchain/x86_64-windows/bin/../lib/gcc/arm-none-eabi/12.3.1/thumb/v7e-m+fp/hard\libgcc.a
LOAD c:/users/benjamin/.ufbt/toolchain/x86_64-windows/bin/../lib/gcc/arm-none-eabi/12.3.1/../../../../arm-none-eabi/lib/thumb/v7e-m+fp/hard\libstdc++_nano.a
LOAD c:/users/benjamin/.ufbt/toolchain/x86_64-windows/bin/../lib/gcc/arm-none-eabi/12.3.1/../../../../arm-none-eabi/lib/thumb/v7e-m+fp/hard\libsupc++_nano.a

.text           0x00000000       0x2c
 *(.text)
 *(.stub)
 *(.text*)
 .text.test_app_app
                0x00000000       0x2c C:/Users/Benjamin/.ufbt/build/test_app/test_app.o
                0x00000000                test_app_app
 *(.text.*)
 *(.text._*)
 *(.init)
 *(.fini)

.rodata         0x0000002c       0x1f
 *(.rodata)
 *(.rodata1)
 *(.rodata.*)
 .rodata.test_app_app.str1.1
                0x0000002c       0x1f C:/Users/Benjamin/.ufbt/build/test_app/test_app.o

.data
 *(.data)
 *(.data1)
 *(.data.*)

.bss
 *(.bss)
 *(.bss*)
 *(.sbss)
 *(.sbss*)
 *(COMMON)

.stab
 *(.stab)

.stabstr
 *(.stabstr)

.stab.excl
 *(.stab.excl)

.stab.exclstr
 *(.stab.exclstr)

.stab.index
 *(.stab.index)

.stab.indexstr
 *(.stab.indexstr)

.gnu.build.attributes
 *(.gnu.build.attributes .gnu.build.attributes.*)

.debug
 *(.debug)

.line
 *(.line)

.debug_srcinfo
 *(.debug_srcinfo)

.debug_sfnames
 *(.debug_sfnames)

.debug_aranges  0x00000000       0x20
 *(.debug_aranges)
 .debug_aranges
                0x00000000       0x20 C:/Users/Benjamin/.ufbt/build/test_app/test_app.o

.debug_pubnames
 *(.debug_pubnames)

.debug_info     0x00000000      0x180
 *(.debug_info .gnu.linkonce.wi.*)
 .debug_info    0x00000000      0x180 C:/Users/Benjamin/.ufbt/build/test_app/test_app.o

.debug_abbrev   0x00000000       0xd9
 *(.debug_abbrev)
 .debug_abbrev  0x00000000       0xd9 C:/Users/Benjamin/.ufbt/build/test_app/test_app.o

.debug_line     0x00000000      0x160
 *(.debug_line .debug_line.* .debug_line_end)
 .debug_line    0x00000000      0x13e C:/Users/Benjamin/.ufbt/build/test_app/test_app.o
 .debug_line.text.test_app_app
                0x0000013e       0x22 C:/Users/Benjamin/.ufbt/build/test_app/test_app.o
 .debug_line_end
                0x00000160        0x0 C:/Users/Benjamin/.ufbt/build/test_app/test_app.o

.debug_frame    0x00000000       0x2c
 *(.debug_frame)
 .debug_frame   0x00000000       0x2c C:/Users/Benjamin/.ufbt/build/test_app/test_app.o

.debug_str      0x00000000      0x29a
 *(.debug_str)
 .debug_str     0x00000000      0x29a C:/Users/Benjamin/.ufbt/build/test_app/test_app.o

.debug_loc
 *(.debug_loc)

.debug_macinfo
 *(.debug_macinfo)

.debug_weaknames
 *(.debug_weaknames)

.debug_funcnames
 *(.debug_funcnames)

.debug_typenames
 *(.debug_typenames)

.debug_varnames
 *(.debug_varnames)

.debug_pubtypes
 *(.debug_pubtypes)

.debug_ranges
 *(.debug_ranges)

.debug_addr
 *(.debug_addr)

.debug_line_str
 *(.debug_line_str)

.debug_loclists
                0x00000000       0x23
 *(.debug_loclists)
 .debug_loclists
                0x00000000       0x23 C:/Users/Benjamin/.ufbt/build/test_app/test_app.o

.debug_macro
 *(.debug_macro)

.debug_names
 *(.debug_names)

.debug_rnglists
                0x00000000       0x13
 *(.debug_rnglists)
 .debug_rnglists
                0x00000000       0x13 C:/Users/Benjamin/.ufbt/build/test_app/test_app.o

.debug_str_offsets
 *(.debug_str_offsets)

.debug_sup
 *(.debug_sup)

.ARM.attributes
                0x00000000       0x34
 *(.ARM.attributes)
 .ARM.attributes
                0x00000000       0x34 C:/Users/Benjamin/.ufbt/build/test_app/test_app.o
 .ARM.attributes
                0x00000034       0x34 C:/Users/Benjamin/.ufbt/build/test_app/test_app_icons.o
 *(.gnu.attributes)

.note.gnu.arm.ident
 *(.note.gnu.arm.ident)

/DISCARD/
 *(.note.GNU-stack)
 *(.gnu_debuglink)
 *(.gnu.lto_*)

/DISCARD/
 *(.comment)
 *(.comment.*)
 *(.llvmbc)
 *(.llvmcmd)
OUTPUT(C:/Users/Benjamin/.ufbt/build/test_app_d.elf elf32-littlearm)
LOAD linker stubs
